node : (node:2936) [MONGODB 
DRIVER] Warning: 
useNewUrlParser is a 
deprecated option: 
useNewUrlParser has no 
effect since Node.js Driver 
version 4.0.0 and will be 
removed in the next major 
version
At line:1 char:1
+ node src/server.js 2> 
error_log.txt
+ ~~~~~~~~~~~~~~~~~~~~~~~~~~~
~~~~~~~~
    + CategoryInfo           
   : NotSpecified: ((node:2  
  936) [MO...t major versi   
 on:String) [], RemoteExc    
eption
    + FullyQualifiedErrorId  
   : NativeCommandError
 
(Use `node --trace-warnings 
...` to show where the 
warning was created)
(node:2936) [MONGODB DRIVER] 
Warning: useUnifiedTopology 
is a deprecated option: 
useUnifiedTopology has no 
effect since Node.js Driver 
version 4.0.0 and will be 
removed in the next major 
version
node:events:486
      throw er; // Unhandled 
'error' event
      ^

Error: listen EADDRINUSE: 
address already in use 
:::5000
    at 
Server.setupListenHandle [as 
_listen2] (node:net:1940:16)
    at listenInCluster 
(node:net:1997:12)
    at Server.listen 
(node:net:2102:7)
    at app.listen (D:\My_Data
\Desktop\flutter\internship_a
pp\backend\node_modules\expre
ss\lib\application.js:635:24)
    at Object.<anonymous> (D:
\My_Data\Desktop\flutter\inte
rnship_app\backend\src\server
.js:68:5)
    at Module._compile (node:
internal/modules/cjs/loader:1
761:14)
    at Object..js (node:inter
nal/modules/cjs/loader:1893:1
0)
    at Module.load (node:inte
rnal/modules/cjs/loader:1481:
32)
    at Module._load (node:int
ernal/modules/cjs/loader:1300
:12)
    at 
TracingChannel.traceSync (nod
e:diagnostics_channel:328:14)
Emitted 'error' event on 
Server instance at:
    at emitErrorNT 
(node:net:1976:8)
    at process.processTicksAn
dRejections (node:internal/pr
ocess/task_queues:89:21) {
  code: 'EADDRINUSE',
  errno: -4091,
  syscall: 'listen',
  address: '::',
  port: 5000
}

Node.js v24.12.0
